This script was generated by crab (version 2.10.3).
Running /wntmp/condor/execute/dir_18096/glide_jX3PG9/execute/dir_23289/condor_exec.exe with 2 positional parameters: 13 1
Today is Tue Oct 21 16:55:54 PDT 2014
Job submitted on host compute-22-18.tier2
Linux compute-22-18.tier2 2.6.32-431.el6.x86_64 #1 SMP Fri Nov 22 03:15:09 UTC 2013 x86_64 x86_64 x86_64 GNU/Linux
>>> current directory (RUNTIME_AREA): /wntmp/condor/execute/dir_18096/glide_jX3PG9/execute/dir_23289
>>> current user: uid=21178(uscms4728) gid=504(cms) groups=504(cms),65009(glexec65009) context=unconfined_u:system_r:condor_startd_t:s0
>>> directory permission set to 0700
>>> umask set to:  u=rwx,g=,o=
>>> stdout stderr permission set to 0704
>>> voms proxy information:
subject   : /DC=ch/DC=cern/OU=Organic Units/OU=Users/CN=lcadamur/CN=756121/CN=Luca Cadamuro/CN=proxy/CN=limited proxy
issuer    : /DC=ch/DC=cern/OU=Organic Units/OU=Users/CN=lcadamur/CN=756121/CN=Luca Cadamuro/CN=proxy
identity  : /DC=ch/DC=cern/OU=Organic Units/OU=Users/CN=lcadamur/CN=756121/CN=Luca Cadamuro/CN=proxy
type      : limited proxy
strength  : 1024 bits
path      : /wntmp/condor/execute/dir_18096/glide_jX3PG9/execute/dir_23289/x509up_u857
timeleft  : 23:49:48
key usage : Digital Signature, Key Encipherment
=== VO cms extension information ===
VO        : cms
subject   : /DC=ch/DC=cern/OU=Organic Units/OU=Users/CN=lcadamur/CN=756121/CN=Luca Cadamuro
issuer    : /DC=ch/DC=cern/OU=computers/CN=lcg-voms.cern.ch
attribute : /cms/Role=NULL/Capability=NULL
timeleft  : 176:52:45
uri       : lcg-voms.cern.ch:15002
WNHostName=compute-22-18.tier2
>>> tar --no-same-permissions -xf /wntmp/condor/execute/dir_18096/glide_jX3PG9/execute/dir_23289/default.tgz :
Successful untar
>>> Include /wntmp/condor/execute/dir_18096/glide_jX3PG9/execute/dir_23289 in PYTHONPATH:
strip arguments
env var CRAB_UNIQUE_JOB_ID set to: lcadamur_ZeroBias_Stage2_Sept26_IsoEt_vTest5_bis_LucaTest_B1_xb401a_13_1_iuf
out_files_13
>>> list of expected files on output sandbox
output files: crab_fjr_13.xml CMSSW_13.stdout CMSSW_13.stderr Watchdog_13.log.gz
>>> GridFlavour discovery: 
source OSG GRID setup script
GridFlavour=OSG
>>> SyncSite discovery: 
SyncSite=T2_US_Caltech
>>> SyncCE discovery: 
getting SyncCE from OSG_JOB_CONTACT
SyncCE=cit-gatekeeper2.ultralight.org/jobmanager-condor
>>> info for dashboard:
***** Cat /wntmp/condor/execute/dir_18096/glide_jX3PG9/execute/dir_23289/jobreport.txt *****
WNHostName=compute-22-18.tier2
MonitorJobID=13_https://vocms83.cern.ch//141021//160806.12
SyncGridJobId=https://vocms83.cern.ch//141021//160806.12
MonitorID=lcadamur_ZeroBias_Stage2_Sept26_IsoEt_vTest5_bis_LucaTest_B1_xb401a
GridFlavour=OSG
SyncSite=T2_US_Caltech
SyncCE=cit-gatekeeper2.ultralight.org/jobmanager-condor
***** End Cat jobreport *****
Parameters sent to Dashboard.
>>> setup environment
set SCRAM ARCH to slc6_amd64_gcc481
SCRAM_ARCH = slc6_amd64_gcc481
>>> Created working directory: /wntmp/condor/execute/dir_18096/glide_jX3PG9/execute/dir_23289/cms_01wbsfrFOO7a
Change to working directory: /wntmp/condor/execute/dir_18096/glide_jX3PG9/execute/dir_23289/cms_01wbsfrFOO7a
>>> current directory (WORKING_DIR): /wntmp/condor/execute/dir_18096/glide_jX3PG9/execute/dir_23289/cms_01wbsfrFOO7a
>>> setup CMS OSG environment:
set SCRAM ARCH to slc6_amd64_gcc481
SCRAM_ARCH = slc6_amd64_gcc481
OSG_APP is /raid1/osg-app
sourcing /raid1/osg-app/cmssoft/cms/cmsset_default.sh ...
==> setup cms environment ok
SCRAM_ARCH = slc6_amd64_gcc481
>>> specific cmssw setup environment:
CMSSW_VERSION =  CMSSW_7_1_0_pre8
ERROR: Attempt to ressurect CMSSW CMSSW_7_1_0_pre8 from /cvmfs/cms.cern.ch/slc6_amd64_gcc490/cms/cmssw/CMSSW_7_1_0_pre8 unsuccessful
ERROR: /cvmfs/cms.cern.ch/slc6_amd64_gcc490/cms/cmssw/CMSSW_7_1_0_pre8 does not look like a valid release area for SCRAM_ARCH slc6_amd64_gcc490.
ERROR: Unable to find release area for "CMSSW" version "CMSSW_7_1_0_pre8" for arch slc6_amd64_gcc481.
Please make sure you have used the correct name/version.
You can run "scram list CMSSW" to get the list of available versions.
ERROR ==> CMSSW CMSSW_7_1_0_pre8 not found on compute-22-18.tier2
Checking output files:  
will tar file crab_fjr_13.xml in  out_files_13
WARNING: output file CMSSW_13.stdout not found!
WARNING: output file CMSSW_13.stderr not found!
WARNING: output file Watchdog_13.log.gz not found!
>>> working dir = /wntmp/condor/execute/dir_18096/glide_jX3PG9/execute/dir_23289/cms_01wbsfrFOO7a
>>> current directory (RUNTIME_AREA): /wntmp/condor/execute/dir_18096/glide_jX3PG9/execute/dir_23289
>>> Remove working directory: /wntmp/condor/execute/dir_18096/glide_jX3PG9/execute/dir_23289/cms_01wbsfrFOO7a
/wntmp/condor/execute/dir_18096/glide_jX3PG9/execute/dir_23289/condor_exec.exe: line 110: symlinks: command not found
>>> padding time: Wrapper lasting more than 600 seconds. No sleep required.
STOPPING WATCHDOG. CrabWatchdog PID is 
kill: usage: kill [-s sigspec | -n signum | -sigspec] pid | jobspec ... or kill -l [sigspec]
********** LAST 50 LINES OF WATCHDOG LOG
tail: cannot open `Watchdog_13.log' for reading: No such file or directory
********** WATCHDOG LOG ENDED
ZIPPING WATCHDOG LOG
gzip: Watchdog_13.log: No such file or directory
Disk space used:
du -sh /wntmp/condor/execute/dir_18096/glide_jX3PG9/execute/dir_23289
23M	/wntmp/condor/execute/dir_18096/glide_jX3PG9/execute/dir_23289
Found unusual stdout, rename for OSB
`/wntmp/condor/execute/dir_18096/glide_jX3PG9/execute/dir_23289/_condor_stdout' -> `CMSSW_13.stdout'
Found unusual stderr, rename for OSB
`/wntmp/condor/execute/dir_18096/glide_jX3PG9/execute/dir_23289/_condor_stdout' -> `CMSSW_13.stderr'
crab_fjr_13.xml
CMSSW_13.stdout
CMSSW_13.stderr
tar: Watchdog_13.log.gz: Cannot stat: No such file or directory
tar: Exiting with failure status due to previous errors
Total Output dimension: 2492
WARNING: output files size limit is set to: 50000000
Total Output dimension 2492 is fine.
JOB_EXIT_STATUS = 10034
>>> info for dashboard:
***** Cat /wntmp/condor/execute/dir_18096/glide_jX3PG9/execute/dir_23289/jobreport.txt *****
MonitorJobID=13_https://vocms83.cern.ch//141021//160806.12
MonitorID=lcadamur_ZeroBias_Stage2_Sept26_IsoEt_vTest5_bis_LucaTest_B1_xb401a
CrabUserCpuTime=
CrabSysCpuTime=
CrabCpuPercentage=
CrabWrapperTime=10819
CrabStageoutTime=NULL
JobExitCode=10034
***** End Cat jobreport *****
Parameters sent to Dashboard.
