This script was generated by crab (version 2.10.3).
Running /wntmp/condor/execute/dir_6884/glide_5PptfB/execute/dir_26546/condor_exec.exe with 2 positional parameters: 12 1
Today is Tue Oct 21 02:59:16 PDT 2014
Job submitted on host compute-12-35.tier2
Linux compute-12-35.tier2 2.6.32-279.el6.x86_64 #1 SMP Fri Jun 22 12:19:21 UTC 2012 x86_64 x86_64 x86_64 GNU/Linux
>>> current directory (RUNTIME_AREA): /wntmp/condor/execute/dir_6884/glide_5PptfB/execute/dir_26546
>>> current user: uid=21178(uscms4728) gid=504(cms) groups=504(cms),65002(glexec65002) context=system_u:system_r:condor_startd_t:s0
>>> directory permission set to 0700
>>> umask set to:  u=rwx,g=,o=
>>> stdout stderr permission set to 0704
>>> voms proxy information:
subject   : /DC=ch/DC=cern/OU=Organic Units/OU=Users/CN=lcadamur/CN=756121/CN=Luca Cadamuro/CN=proxy/CN=limited proxy
issuer    : /DC=ch/DC=cern/OU=Organic Units/OU=Users/CN=lcadamur/CN=756121/CN=Luca Cadamuro/CN=proxy
identity  : /DC=ch/DC=cern/OU=Organic Units/OU=Users/CN=lcadamur/CN=756121/CN=Luca Cadamuro/CN=proxy
type      : limited proxy
strength  : 1024 bits
path      : /wntmp/condor/execute/dir_6884/glide_5PptfB/execute/dir_26546/x509up_u857
timeleft  : 23:59:52
key usage : Digital Signature, Key Encipherment
=== VO cms extension information ===
VO        : cms
subject   : /DC=ch/DC=cern/OU=Organic Units/OU=Users/CN=lcadamur/CN=756121/CN=Luca Cadamuro
issuer    : /DC=ch/DC=cern/OU=computers/CN=lcg-voms.cern.ch
attribute : /cms/Role=NULL/Capability=NULL
timeleft  : 190:49:23
uri       : lcg-voms.cern.ch:15002
WNHostName=compute-12-35.tier2
>>> tar --no-same-permissions -xf /wntmp/condor/execute/dir_6884/glide_5PptfB/execute/dir_26546/default.tgz :
Successful untar
>>> Include /wntmp/condor/execute/dir_6884/glide_5PptfB/execute/dir_26546 in PYTHONPATH:
strip arguments
env var CRAB_UNIQUE_JOB_ID set to: lcadamur_ZeroBias_Stage2_Sept26_IsoEt_vTest5_bis_LucaTest_B1_xb401a_12_1_TRk
out_files_12
>>> list of expected files on output sandbox
output files: crab_fjr_12.xml CMSSW_12.stdout CMSSW_12.stderr Watchdog_12.log.gz
>>> GridFlavour discovery: 
source OSG GRID setup script
GridFlavour=OSG
>>> SyncSite discovery: 
SyncSite=T2_US_Caltech
>>> SyncCE discovery: 
getting SyncCE from OSG_JOB_CONTACT
SyncCE=cit-gatekeeper2.ultralight.org/jobmanager-condor
>>> info for dashboard:
***** Cat /wntmp/condor/execute/dir_6884/glide_5PptfB/execute/dir_26546/jobreport.txt *****
WNHostName=compute-12-35.tier2
MonitorJobID=12_https://vocms83.cern.ch//141021//160806.11
SyncGridJobId=https://vocms83.cern.ch//141021//160806.11
MonitorID=lcadamur_ZeroBias_Stage2_Sept26_IsoEt_vTest5_bis_LucaTest_B1_xb401a
GridFlavour=OSG
SyncSite=T2_US_Caltech
SyncCE=cit-gatekeeper2.ultralight.org/jobmanager-condor
***** End Cat jobreport *****
Parameters sent to Dashboard.
>>> setup environment
set SCRAM ARCH to slc6_amd64_gcc481
SCRAM_ARCH = slc6_amd64_gcc481
>>> Created working directory: /wntmp/condor/execute/dir_6884/glide_5PptfB/execute/dir_26546/cms_0tFxvtBBW2S6
Change to working directory: /wntmp/condor/execute/dir_6884/glide_5PptfB/execute/dir_26546/cms_0tFxvtBBW2S6
>>> current directory (WORKING_DIR): /wntmp/condor/execute/dir_6884/glide_5PptfB/execute/dir_26546/cms_0tFxvtBBW2S6
>>> setup CMS OSG environment:
set SCRAM ARCH to slc6_amd64_gcc481
SCRAM_ARCH = slc6_amd64_gcc481
OSG_APP is /raid1/osg-app
sourcing /raid1/osg-app/cmssoft/cms/cmsset_default.sh ...
==> setup cms environment ok
SCRAM_ARCH = slc6_amd64_gcc481
>>> specific cmssw setup environment:
CMSSW_VERSION =  CMSSW_7_1_0_pre8
>>> current directory (SOFTWARE_DIR): /wntmp/condor/execute/dir_6884/glide_5PptfB/execute/dir_26546/cms_0tFxvtBBW2S6/CMSSW_7_1_0_pre8
PreserveSeeds: <>
IncrementSeeds:<>
{}
>>> info for dashboard:
***** Cat /wntmp/condor/execute/dir_6884/glide_5PptfB/execute/dir_26546/jobreport.txt *****
MonitorJobID=12_https://vocms83.cern.ch//141021//160806.11
MonitorID=lcadamur_ZeroBias_Stage2_Sept26_IsoEt_vTest5_bis_LucaTest_B1_xb401a
***** End Cat jobreport *****
Parameters sent to Dashboard.
crabWatchdog started as process 30409
>>> moving CMSSW software directories in /wntmp/condor/execute/dir_6884/glide_5PptfB/execute/dir_26546/cms_0tFxvtBBW2S6/CMSSW_7_1_0_pre8
mv: cannot stat `/wntmp/condor/execute/dir_6884/glide_5PptfB/execute/dir_26546/module/': No such file or directory
>>> Include /wntmp/condor/execute/dir_6884/glide_5PptfB/execute/dir_26546 in PYTHONPATH:
PYTHONPATH=/wntmp/condor/execute/dir_6884/glide_5PptfB/execute/dir_26546/:/wntmp/condor/execute/dir_6884/glide_5PptfB/execute/dir_26546/cms_0tFxvtBBW2S6/CMSSW_7_1_0_pre8/python:/wntmp/condor/execute/dir_6884/glide_5PptfB/execute/dir_26546/cms_0tFxvtBBW2S6/CMSSW_7_1_0_pre8/lib/slc6_amd64_gcc481:/cvmfs/cms.cern.ch/slc6_amd64_gcc481/cms/cmssw/CMSSW_7_1_0_pre8/python:/cvmfs/cms.cern.ch/slc6_amd64_gcc481/cms/cmssw/CMSSW_7_1_0_pre8/lib/slc6_amd64_gcc481:/cvmfs/cms.cern.ch/slc6_amd64_gcc481/cms/coral/CORAL_2_3_21-cms20/slc6_amd64_gcc481/python:/cvmfs/cms.cern.ch/slc6_amd64_gcc481/cms/coral/CORAL_2_3_21-cms20/slc6_amd64_gcc481/lib:/cvmfs/cms.cern.ch/slc6_amd64_gcc481/external/pyqt/4.8.1-cms/lib/python2.7/site-packages:/cvmfs/cms.cern.ch/slc6_amd64_gcc481/external/py2-scipy/0.8.0-cms/lib/python2.7/site-packages:/cvmfs/cms.cern.ch/slc6_amd64_gcc481/external/py2-matplotlib/1.2.1-cms/lib/python2.7/site-packages:/cvmfs/cms.cern.ch/slc6_amd64_gcc481/external/yoda/1.0.4/lib/python2.7/site-packages:/cvmfs/cms.cern.ch/slc6_amd64_gcc481/external/python-ldap/2.4.10-cms/lib/python2.7/site-packages:/cvmfs/cms.cern.ch/slc6_amd64_gcc481/external/sip/4.11.2-cms/lib/python2.7/site-packages:/cvmfs/cms.cern.ch/slc6_amd64_gcc481/external/llvm/3.4/lib/python2.7/site-packages:/cvmfs/cms.cern.ch/slc6_amd64_gcc481/external/py2-sqlalchemy/0.8.2-cms2/lib/python2.7/site-packages:/cvmfs/cms.cern.ch/slc6_amd64_gcc481/external/py2-pycurl/7.19.0-cms/lib/python2.7/site-packages:/cvmfs/cms.cern.ch/slc6_amd64_gcc481/external/py2-python-dateutil/1.1-cms/lib/python2.7/site-packages:/cvmfs/cms.cern.ch/slc6_amd64_gcc481/external/py2-numpy/1.6.1-cms/lib/python2.7/site-packages:/cvmfs/cms.cern.ch/slc6_amd64_gcc481/external/py2-lint/0.25.1-cms/lib/python2.7/site-packages:/cvmfs/cms.cern.ch/slc6_amd64_gcc481/external/py2-ipython/0.10-cms/lib/python2.7/site-packages:/cvmfs/cms.cern.ch/slc6_amd64_gcc481/external/py2-cx-oracle/5.1-cms2/lib/python2.7/site-packages:/cvmfs/cms.cern.ch/slc6_amd64_gcc481/external/py2-cjson/1.0.5-cms/lib/python2.7/site-packages:/cvmfs/cms.cern.ch/slc6_amd64_gcc481/external/frontier_client/2.8.10/python/lib:/cvmfs/cms.cern.ch/slc6_amd64_gcc481/cms/das-client/2.5.0/bin:/cvmfs/cms.cern.ch/slc6_amd64_gcc481/external/cython/0.19.1/lib/python2.7/site-packages:/cvmfs/cms.cern.ch/slc6_amd64_gcc481/external/rivet/1.8.2-cms4/lib/python2.7/site-packages:/cvmfs/cms.cern.ch/slc6_amd64_gcc481/external/pyminuit2/0.0.1-cms13/lib/python2.7/site-packages:/cvmfs/cms.cern.ch/slc6_amd64_gcc481/external/py2-pygithub/1.23.0/lib/python2.7/site-packages:/cvmfs/cms.cern.ch/slc6_amd64_gcc481/external/py2-networkx/1.8.1/lib/python2.7/site-packages:/cvmfs/cms.cern.ch/slc6_amd64_gcc481/external/professor/1.0.0-cms13/lib/python2.7/site-packages:/cvmfs/cms.cern.ch/slc6_amd64_gcc481/lcg/root/5.34.18/lib:/cvmfs/cms.cern.ch/slc6_amd64_gcc481/cms/dbs-client/DBS_2_1_9-cms/lib:/cvmfs/cms.cern.ch/slc6_amd64_gcc481/cms/dbs-client/DBS_2_1_9-cms/lib/DBSAPI:/cvmfs/cms.cern.ch/slc6_amd64_gcc481/external/cvs2git/5419-cms/lib:/wntmp/condor/execute/dir_6884/glide_5PptfB/execute/dir_26546/
 
# LIMITS USED BY CRAB WATCHDOG:
# RSS  (KBytes)   : 2300000
# VSZ  (KBytes)   : 100000000
# DISK (MBytes)   : 19000
# CPU TIME        : 720h:0m:0s
# WALL CLOCK TIME : 21h:50m:0s
 
0ea4b744b646f793f05adac8ab599487
PSETHASH = 0ea4b744b646f793f05adac8ab599487
/wntmp/condor/execute/dir_6884/glide_5PptfB/execute/dir_26546/writeCfg.py pset.py pset.py
Importing .py file
Setting parameters
RandomNumberGeneratorService found, will attempt to change seeds
inputBlocks=/Neutrino_Pt-2to20_gun/Fall13dr-tsg_PU40bx25_POSTLS162_V2-v1/GEN-SIM-RAW#09b9f490-7aa3-11e3-b1c2-003048f02d38
inputFiles=/store/mc/Fall13dr/Neutrino_Pt-2to20_gun/GEN-SIM-RAW/tsg_PU40bx25_POSTLS162_V2-v1/00002/5229A72C-C47A-E311-A3D6-00304867920C.root;/store/mc/Fall13dr/Neutrino_Pt-2to20_gun/GEN-SIM-RAW/tsg_PU40bx25_POSTLS162_V2-v1/00002/48412771-BF7A-E311-A81F-0025905A6056.root;/store/mc/Fall13dr/Neutrino_Pt-2to20_gun/GEN-SIM-RAW/tsg_PU40bx25_POSTLS162_V2-v1/00002/DE8D02EB-C37A-E311-9EC3-00261894387E.root;/store/mc/Fall13dr/Neutrino_Pt-2to20_gun/GEN-SIM-RAW/tsg_PU40bx25_POSTLS162_V2-v1/00002/2E5D5426-BD7A-E311-B226-0025905A6056.root;/store/mc/Fall13dr/Neutrino_Pt-2to20_gun/GEN-SIM-RAW/tsg_PU40bx25_POSTLS162_V2-v1/00002/BE8FC075-BC7A-E311-8B1E-0025905A60BE.root;/store/mc/Fall13dr/Neutrino_Pt-2to20_gun/GEN-SIM-RAW/tsg_PU40bx25_POSTLS162_V2-v1/00002/3CE8D3F3-C27A-E311-8E6C-00261894398A.root;/store/mc/Fall13dr/Neutrino_Pt-2to20_gun/GEN-SIM-RAW/tsg_PU40bx25_POSTLS162_V2-v1/00002/582A5049-BB7A-E311-A363-0025905A48F2.root;/store/mc/Fall13dr/Neutrino_Pt-2to20_gun/GEN-SIM-RAW/tsg_PU40bx25_POSTLS162_V2-v1/00002/D2E5EF3E-C37A-E311-AE46-00261894387E.root;/store/mc/Fall13dr/Neutrino_Pt-2to20_gun/GEN-SIM-RAW/tsg_PU40bx25_POSTLS162_V2-v1/00002/A4768478-BA7A-E311-88AE-0025905A60A0.root;/store/mc/Fall13dr/Neutrino_Pt-2to20_gun/GEN-SIM-RAW/tsg_PU40bx25_POSTLS162_V2-v1/00002/C464D421-C27A-E311-95C3-0025905A48F0.root;/store/mc/Fall13dr/Neutrino_Pt-2to20_gun/GEN-SIM-RAW/tsg_PU40bx25_POSTLS162_V2-v1/00002/A27D98A1-BE7A-E311-9FFA-0025905A60A0.root;/store/mc/Fall13dr/Neutrino_Pt-2to20_gun/GEN-SIM-RAW/tsg_PU40bx25_POSTLS162_V2-v1/00002/A476C401-CE7A-E311-A551-0025905A608A.root;/store/mc/Fall13dr/Neutrino_Pt-2to20_gun/GEN-SIM-RAW/tsg_PU40bx25_POSTLS162_V2-v1/00002/4E0A5D15-B77A-E311-A372-00261894393C.root;/store/mc/Fall13dr/Neutrino_Pt-2to20_gun/GEN-SIM-RAW/tsg_PU40bx25_POSTLS162_V2-v1/00002/6081BF07-B17A-E311-A98D-003048FF86CA.root;/store/mc/Fall13dr/Neutrino_Pt-2to20_gun/GEN-SIM-RAW/tsg_PU40bx25_POSTLS162_V2-v1/00002/14704AEA-AF7A-E311-A736-0025905A6104.root
parentFiles=
lumisRange=
>>> Executable cmsRun
/cvmfs/cms.cern.ch/slc6_amd64_gcc481/cms/cmssw/CMSSW_7_1_0_pre8/bin/slc6_amd64_gcc481/cmsRun
ok executable found
>>> info for dashboard:
***** Cat /wntmp/condor/execute/dir_6884/glide_5PptfB/execute/dir_26546/jobreport.txt *****
MonitorJobID=12_https://vocms83.cern.ch//141021//160806.11
MonitorID=lcadamur_ZeroBias_Stage2_Sept26_IsoEt_vTest5_bis_LucaTest_B1_xb401a
ExeStart=cmsRun
***** End Cat jobreport *****
Parameters sent to Dashboard.
>>> cmsRun started at Tue Oct 21 10:00:13 UTC 2014
>>> cmsRun ended at Tue Oct 21 10:01:15 UTC 2014
>>> crab_fjr_*.xml  permission set to 0704
>>> info for dashboard:
***** Cat /wntmp/condor/execute/dir_6884/glide_5PptfB/execute/dir_26546/jobreport.txt *****
MonitorJobID=12_https://vocms83.cern.ch//141021//160806.11
MonitorID=lcadamur_ZeroBias_Stage2_Sept26_IsoEt_vTest5_bis_LucaTest_B1_xb401a
ExeEnd=cmsRun
***** End Cat jobreport *****
Parameters sent to Dashboard.
TIME_EXE = 62 sec
>>> cmsRun wrote 15 lines of stdout+stderr
>>> START OF printout of 15 lines from stdout+stderr
==> using COND/Services/RelationalAuthenticationService for auth, sys 1
==> using COND/Services/RelationalAuthenticationService for auth, sys 1
21-Oct-2014 03:00:34 PDT  Initiating request to open file /mnt/hadoop/store/mc/Fall13dr/Neutrino_Pt-2to20_gun/GEN-SIM-RAW/tsg_PU40bx25_POSTLS162_V2-v1/00002/5229A72C-C47A-E311-A3D6-00304867920C.root
21-Oct-2014 03:00:38 PDT  Successfully opened file /mnt/hadoop/store/mc/Fall13dr/Neutrino_Pt-2to20_gun/GEN-SIM-RAW/tsg_PU40bx25_POSTLS162_V2-v1/00002/5229A72C-C47A-E311-A3D6-00304867920C.root
21-Oct-2014 03:01:14 PDT  Closed file /mnt/hadoop/store/mc/Fall13dr/Neutrino_Pt-2to20_gun/GEN-SIM-RAW/tsg_PU40bx25_POSTLS162_V2-v1/00002/5229A72C-C47A-E311-A3D6-00304867920C.root
----- Begin Fatal Exception 21-Oct-2014 03:01:14 PDT-----------------------
An exception of category 'FileReadError' occurred while
   [0] Constructing the EventProcessor
   [1] Constructing input source of type PoolSource
   [2] Reading branch EventAuxiliary
   Additional Info:
      [a] Fatal Root Error: @SUB=TBranchElement::GetBasket
File: ///mnt/hadoop/store/mc/Fall13dr/Neutrino_Pt-2to20_gun/GEN-SIM-RAW/tsg_PU40bx25_POSTLS162_V2-v1/00002/5229A72C-C47A-E311-A3D6-00304867920C.root at byte:0, branch:EventAuxiliary, entry:0, badread=1, nerrors=1, basketnumber=0

----- End Fatal Exception -------------------------------------------------
>>> END OF printout of 15 lines from stdout+stderr
>>> ERROR: Fatal Exception from CMSSW:
----- Begin Fatal Exception 21-Oct-2014 03:01:14 PDT-----------------------
An exception of category 'FileReadError' occurred while
   [0] Constructing the EventProcessor
   [1] Constructing input source of type PoolSource
   [2] Reading branch EventAuxiliary
   Additional Info:
      [a] Fatal Root Error: @SUB=TBranchElement::GetBasket
File: ///mnt/hadoop/store/mc/Fall13dr/Neutrino_Pt-2to20_gun/GEN-SIM-RAW/tsg_PU40bx25_POSTLS162_V2-v1/00002/5229A72C-C47A-E311-A3D6-00304867920C.root at byte:0, branch:EventAuxiliary, entry:0, badread=1, nerrors=1, basketnumber=0

----- End Fatal Exception -------------------------------------------------
>>> Parse FrameworkJobReport crab_fjr.xml
Result of parsing the FrameworkJobReport crab_fjr.xml: Popularity start
lumisRange : 
lumisParentRange : 
Basename : /store/mc/Fall13dr/Neutrino_Pt-2to20_gun/GEN-SIM-RAW/tsg_PU40bx25_POSTLS162_V2-v1/00002/
BasenameParent : 
parentFiles : 
inputBlocks : /Neutrino_Pt-2to20_gun/Fall13dr-tsg_PU40bx25_POSTLS162_V2-v1/GEN-SIM-RAW#09b9f490-7aa3-11e3-b1c2-003048f02d38
inputFiles : 5229A72C-C47A-E311-A3D6-00304867920C.root::0::Unknown::Local::Unknown;48412771-BF7A-E311-A81F-0025905A6056.root::2::Unknown::Unknown::Unknown;DE8D02EB-C37A-E311-9EC3-00261894387E.root::2::Unknown::Unknown::Unknown;2E5D5426-BD7A-E311-B226-0025905A6056.root::2::Unknown::Unknown::Unknown;BE8FC075-BC7A-E311-8B1E-0025905A60BE.root::2::Unknown::Unknown::Unknown;3CE8D3F3-C27A-E311-8E6C-00261894398A.root::2::Unknown::Unknown::Unknown;582A5049-BB7A-E311-A363-0025905A48F2.root::2::Unknown::Unknown::Unknown;D2E5EF3E-C37A-E311-AE46-00261894387E.root::2::Unknown::Unknown::Unknown;A4768478-BA7A-E311-88AE-0025905A60A0.root::2::Unknown::Unknown::Unknown;C464D421-C27A-E311-95C3-0025905A48F0.root::2::Unknown::Unknown::Unknown;A27D98A1-BE7A-E311-9FFA-0025905A60A0.root::2::Unknown::Unknown::Unknown;A476C401-CE7A-E311-A551-0025905A608A.root::2::Unknown::Unknown::Unknown;4E0A5D15-B77A-E311-A372-00261894393C.root::2::Unknown::Unknown::Unknown;6081BF07-B17A-E311-A98D-003048FF86CA.root::2::Unknown::Unknown::Unknown;14704AEA-AF7A-E311-A736-0025905A6104.root::2::Unknown::Unknown::Unknown;
Popularity stop
Extracted ExitStatus from FrameworkJobReport parsing output: 8021
>>> Executable failed  8021
ExeExitCode=8021
EXECUTABLE_EXIT_STATUS = 8021
Checking output files:  
will tar file crab_fjr_12.xml in  out_files_12
WARNING: output file CMSSW_12.stdout not found!
WARNING: output file CMSSW_12.stderr not found!
WARNING: output file Watchdog_12.log.gz not found!
>>> working dir = /wntmp/condor/execute/dir_6884/glide_5PptfB/execute/dir_26546/cms_0tFxvtBBW2S6
>>> current directory (RUNTIME_AREA): /wntmp/condor/execute/dir_6884/glide_5PptfB/execute/dir_26546
>>> Remove working directory: /wntmp/condor/execute/dir_6884/glide_5PptfB/execute/dir_26546/cms_0tFxvtBBW2S6
/wntmp/condor/execute/dir_6884/glide_5PptfB/execute/dir_26546/condor_exec.exe: line 110: symlinks: command not found
>>> padding time: Sleeping the wrapper for 475 seconds
STOPPING WATCHDOG. CrabWatchdog PID is 30409
********** LAST 50 LINES OF WATCHDOG LOG
# RESOURCE USAGE SUMMARY FOR PROCESS ID 30191
USER       PID %CPU %MEM    VSZ   RSS TTY      STAT START   TIME COMMAND
21178    30191  0.2  0.0  15812  1900 ?        SN   02:59   0:00 /bin/sh /wntmp/condor/execute/dir_6884/glide_5PptfB/execute/dir_26546/condor_exec.exe 12 1
 
# LIMITS USED BY CRAB WATCHDOG:
# RSS  (KBytes)   : 2300000
# VSZ  (KBytes)   : 100000000
# DISK (MBytes)   : 19000
# CPU TIME        : 720h:0m:0s
# WALL CLOCK TIME : 21h:50m:0s
 
# FOLLOWING PRINTOUT TRACKS MAXIMUM VALUES OF RESOURCES USE
# ONE LINE IS PRINTED EACH TIME A MAXIMUM CHANGES
# IF CHANGE WAS IN RSS OR VSZ ALSO PROCID AND COMMAND ARE PRINTED
# THERE IS NO PRINTOUT FOR CPU/WALL TIME INCREASE
 
# TIME			PID	RSS(KB)	VSZ(KB)	Dsk(MB)	tCPU(s)	tWALL(s)	COMMAND
 Oct 21 03:00:00 PDT	6888	1868	11700	0	0	0	/bin/bash /wntmp/condor/execute/dir_6884/condor_exec.exe -v std -name v3_0 -entry CMS_T2_US_Caltech_cit2 -clientname CMSG-v1_0.main -schedd
 Oct 21 03:00:00 PDT	12155	8192	93620	0	1	0	/wntmp/condor/execute/dir_6884/glide_5PptfB/main/condor/sbin/condor_master -f -pidfile /wntmp/condor/execute/dir_6884/glide_5PptfB/condor_master2.pid       
 Oct 21 03:00:00 PDT	15597	9236	94760	0	28	0	condor_startd -f         
 Oct 21 03:00:00 PDT	---	9236	94760	19	----	----	----
 Oct 21 03:01:00 PDT	31373	326656	516800	19	12	61	cmsRun -j /wntmp/condor/execute/dir_6884/glide_5PptfB/execute/dir_26546/crab_fjr_12.xml -p pset.py      
 Oct 21 03:01:00 PDT	---	326656	516800	20	----	----	----
********** WATCHDOG LOG ENDED
ZIPPING WATCHDOG LOG
Disk space used:
du -sh /wntmp/condor/execute/dir_6884/glide_5PptfB/execute/dir_26546
7.6M	/wntmp/condor/execute/dir_6884/glide_5PptfB/execute/dir_26546
Found unusual stdout, rename for OSB
`/wntmp/condor/execute/dir_6884/glide_5PptfB/execute/dir_26546/_condor_stdout' -> `CMSSW_12.stdout'
Found unusual stderr, rename for OSB
`/wntmp/condor/execute/dir_6884/glide_5PptfB/execute/dir_26546/_condor_stdout' -> `CMSSW_12.stderr'
crab_fjr_12.xml
CMSSW_12.stdout
CMSSW_12.stderr
Watchdog_12.log.gz
Total Output dimension: 5811
WARNING: output files size limit is set to: 50000000
Total Output dimension 5811 is fine.
JOB_EXIT_STATUS = 8021
>>> info for dashboard:
***** Cat /wntmp/condor/execute/dir_6884/glide_5PptfB/execute/dir_26546/jobreport.txt *****
MonitorJobID=12_https://vocms83.cern.ch//141021//160806.11
MonitorID=lcadamur_ZeroBias_Stage2_Sept26_IsoEt_vTest5_bis_LucaTest_B1_xb401a
ExeTime=62
ExeExitCode=8021
CrabUserCpuTime=11.60
CrabSysCpuTime=1.07
CrabCpuPercentage=20%
CrabWrapperTime=600
CrabStageoutTime=NULL
JobExitCode=8021
***** End Cat jobreport *****
Parameters sent to Dashboard.
